$ python3 tools/croix_ansee_n.py
ordre 6 — 6 orbites, 64 choix bruts
  à symétrie centrale                  : 64
  nombre impair de traits par ligne    : 8
  idem lignes ET colonnes              : 2
       2 × traits par ligne [1, 1, 1, 1, 1, 1], par colonne [1, 1, 1, 1, 1, 1]
  exemple — horizontaux par ligne [1, 1, 1, 1, 1, 1] :
· │ ─── │ ·
  │     │  
──┼─┼─┼─┼──
  │ │ │ │  
│ ┼─┼─┼─┼ │
│ │ │ │ │ │
│ ┼─┼─┼─┼ │
  │ │ │ │  
──┼─┼─┼─┼──
  │     │  
· │ ─── │ ·
  exemple — horizontaux par ligne [1, 1, 1, 1, 1, 1] :
· ──┼─┼── ·
    │ │    
│ · ┼─┼ · │
│   │ │   │
┼─┼─┼─┼─┼─┼
│ │ │ │ │ │
┼─┼─┼─┼─┼─┼
│   │ │   │
│ · ┼─┼ · │
    │ │    
· ──┼─┼── ·

ordre 8 — 12 orbites, 4096 choix bruts
  à symétrie centrale                  : 4096
  nombre impair de traits par ligne    : 256
  idem lignes ET colonnes              : 32
      12 × traits par ligne [1, 1, 1, 1, 1, 1, 1, 1], par colonne [1, 1, 1, 1, 3, 3, 3, 3]
       8 × traits par ligne [1, 1, 1, 1, 1, 1, 3, 3], par colonne [1, 1, 1, 1, 1, 1, 3, 3]
      12 × traits par ligne [1, 1, 1, 1, 3, 3, 3, 3], par colonne [1, 1, 1, 1, 1, 1, 1, 1]
  exemple — horizontaux par ligne [1, 1, 1, 1, 1, 1, 1, 1] :
· │ │ ─── │ │ ·
  │ │     │ │  
│ │ ┼ ─── ┼ │ │
│ │ ┼     ┼ │ │
┼ ┼─┼─┼─┼─┼─┼ ┼
┼ │ ┼ │ │ ┼ │ ┼
┼ ┼─┼─┼─┼─┼─┼ ┼
┼ │ ┼ │ │ ┼ │ ┼
┼ ┼─┼─┼─┼─┼─┼ ┼
┼ │ ┼ │ │ ┼ │ ┼
┼ ┼─┼─┼─┼─┼─┼ ┼
│ │ ┼     ┼ │ │
│ │ ┼ ─── ┼ │ │
  │ │     │ │  
· │ │ ─── │ │ ·
  exemple — horizontaux par ligne [1, 1, 1, 1, 1, 1, 1, 1] :
· │ │ ─── │ │ ·
  │ │     │ │  
│ │ ┼ ─── ┼ │ │
│ │ ┼     ┼ │ │
┼─┼─┼─┼─┼─┼─┼─┼
│ ┼ ┼ │ │ ┼ ┼ │
┼─┼─┼─┼─┼─┼─┼─┼
│ ┼ ┼ │ │ ┼ ┼ │
┼─┼─┼─┼─┼─┼─┼─┼
│ ┼ ┼ │ │ ┼ ┼ │
┼─┼─┼─┼─┼─┼─┼─┼
│ │ ┼     ┼ │ │
│ │ ┼ ─── ┼ │ │
  │ │     │ │  
· │ │ ─── │ │ ·

ordre 10 — 20 orbites, 1048576 choix bruts
  à symétrie centrale                  : 1048576
  nombre impair de traits par ligne    : 32768
  idem lignes ET colonnes              : 2048
      44 × traits par ligne [1, 1, 1, 1, 1, 1, 1, 1, 1, 1], par colonne [3, 3, 3, 3, 3, 3, 3, 3, 3, 3]
     380 × traits par ligne [1, 1, 1, 1, 1, 1, 1, 1, 3, 3], par colonne [1, 1, 3, 3, 3, 3, 3, 3, 3, 3]
     600 × traits par ligne [1, 1, 1, 1, 1, 1, 3, 3, 3, 3], par colonne [1, 1, 1, 1, 3, 3, 3, 3, 3, 3]
     600 × traits par ligne [1, 1, 1, 1, 3, 3, 3, 3, 3, 3], par colonne [1, 1, 1, 1, 1, 1, 3, 3, 3, 3]
     380 × traits par ligne [1, 1, 3, 3, 3, 3, 3, 3, 3, 3], par colonne [1, 1, 1, 1, 1, 1, 1, 1, 3, 3]
      44 × traits par ligne [3, 3, 3, 3, 3, 3, 3, 3, 3, 3], par colonne [1, 1, 1, 1, 1, 1, 1, 1, 1, 1]
  exemple — horizontaux par ligne [1, 1, 1, 1, 3, 3, 1, 1, 1, 1] :
· │ │ │ ─── │ │ │ ·
  │ │ │     │ │ │  
│ │ ┼ ┼ ─── ┼ ┼ │ │
│ │ ┼ ┼     ┼ ┼ │ │
┼ ┼ ┼ ┼ ─── ┼ ┼ ┼ ┼
┼ ┼ ┼ ┼     ┼ ┼ ┼ ┼
┼ ┼ ┼─┼─┼─┼─┼─┼ ┼ ┼
┼ ┼ ┼ ┼ │ │ ┼ ┼ ┼ ┼
┼─┼┼┼┼┼┼┼┼┼┼┼┼┼┼┼─┼
┼ ┼ ┼ ┼ │ │ ┼ ┼ ┼ ┼
┼─┼┼┼┼┼┼┼┼┼┼┼┼┼┼┼─┼
┼ ┼ ┼ ┼ │ │ ┼ ┼ ┼ ┼
┼ ┼ ┼─┼─┼─┼─┼─┼ ┼ ┼
┼ ┼ ┼ ┼     ┼ ┼ ┼ ┼
┼ ┼ ┼ ┼ ─── ┼ ┼ ┼ ┼
│ │ ┼ ┼     ┼ ┼ │ │
│ │ ┼ ┼ ─── ┼ ┼ │ │
  │ │ │     │ │ │  
· │ │ │ ─── │ │ │ ·
  exemple — horizontaux par ligne [1, 1, 1, 1, 3, 3, 1, 1, 1, 1] :
· │ │ │ ─── │ │ │ ·
  │ │ │     │ │ │  
│ │ ┼ ┼ ─── ┼ ┼ │ │
│ │ ┼ ┼     ┼ ┼ │ │
┼ ┼ ┼ ┼ ─── ┼ ┼ ┼ ┼
┼ ┼ ┼ ┼     ┼ ┼ ┼ ┼
┼ ┼─┼─┼─┼─┼─┼─┼─┼ ┼
┼ ┼ ┼ ┼ │ │ ┼ ┼ ┼ ┼
┼─┼─┼┼┼┼┼┼┼┼┼┼┼─┼─┼
┼ ┼ ┼ ┼ │ │ ┼ ┼ ┼ ┼
┼─┼─┼┼┼┼┼┼┼┼┼┼┼─┼─┼
┼ ┼ ┼ ┼ │ │ ┼ ┼ ┼ ┼
┼ ┼─┼─┼─┼─┼─┼─┼─┼ ┼
┼ ┼ ┼ ┼     ┼ ┼ ┼ ┼
┼ ┼ ┼ ┼ ─── ┼ ┼ ┼ ┼
│ │ ┼ ┼     ┼ ┼ │ │
│ │ ┼ ┼ ─── ┼ ┼ │ │
  │ │ │     │ │ │  
· │ │ │ ─── │ │ │ ·


