$ python3 tools/ecarts.py --zero
ordre 8 : vecteur d’écarts NUL — INFEASIBLE
  le zéro n’est pas atteignable : aucune croix ansée magique à cet ordre
ordre 10 : vecteur d’écarts NUL — OPTIMAL
  le zéro est atteignable : une croix ansée magique existe à cet ordre

$ python3 tools/ecarts.py --cherche-impair
ordre 8 : écart impair trouvé — écarts [117, 120, 24, 8, -8, -24, -120, -117]
  ligne 0 : 117, impair True
    R R J R V J B R
    R J J J J B J R
    R V J V R J R V
    J B B J J J J B
    J R B J J J V B
    R J J J B J B V
    J J J R R B J J
    R J R R V R V R
ordre 10 : écart impair trouvé — écarts [-93, 0, 53, 89, 5, -5, -89, -53, 0, 93]
  ligne 0 : -93, impair True
    B J V V R B J R V B
    J J V V R V V R J B
    R B J R J J B J B V
    R J R J J V J V J R
    J J B B J J J R B B
    V J V B J J J J B R
    J R B J R B J J R J
    R V J J R R V J V V
    V J J B B J B B J R
    B R J B J V R B B B

$ python3 tools/ecarts.py --bornes
ordre 8 — bornes par ligne, h_r libre ; la borne est atteinte à h_r = 1
  ligne 0 (u =   -7) : max 168 ; borne prédite 168 ; atteinte True ; respectée True
  ligne 1 (u =   -5) : max 120 ; borne prédite 120 ; atteinte True ; respectée True
  ligne 2 (u =   -3) : max 72 ; borne prédite 72 ; atteinte True ; respectée True
  ligne 3 (u =   -1) : max 24 ; borne prédite 24 ; atteinte True ; respectée True
ordre 10 — bornes par ligne, h_r libre ; la borne est atteinte à h_r = 1
  ligne 0 (u =   -9) : max 360 ; borne prédite 360 ; atteinte True ; respectée True
  ligne 1 (u =   -7) : max 280 ; borne prédite 280 ; atteinte True ; respectée True
  ligne 2 (u =   -5) : max 200 ; borne prédite 200 ; atteinte True ; respectée True
  ligne 3 (u =   -3) : max 120 ; borne prédite 120 ; atteinte True ; respectée True
  ligne 4 (u =   -1) : max 40 ; borne prédite 40 ; atteinte True ; respectée True

$ python3 tools/ecarts.py --bornes --h 1,3
ordre 8 — bornes par ligne, h_r imposé à 1 ; (n/2)(n−2h) = 24
  ligne 0 (u =   -7) : max 168 ; borne prédite 168 ; atteinte True ; respectée True
  ligne 1 (u =   -5) : max 120 ; borne prédite 120 ; atteinte True ; respectée True
  ligne 2 (u =   -3) : max 72 ; borne prédite 72 ; atteinte True ; respectée True
  ligne 3 (u =   -1) : max 24 ; borne prédite 24 ; atteinte True ; respectée True
ordre 8 — bornes par ligne, h_r imposé à 3 ; (n/2)(n−2h) = 8
  ligne 0 (u =   -7) : max 56 ; borne prédite 56 ; atteinte True ; respectée True
  ligne 1 (u =   -5) : max 40 ; borne prédite 40 ; atteinte True ; respectée True
  ligne 2 (u =   -3) : max 24 ; borne prédite 24 ; atteinte True ; respectée True
  ligne 3 (u =   -1) : max 8 ; borne prédite 8 ; atteinte True ; respectée True
ordre 10 — bornes par ligne, h_r imposé à 1 ; (n/2)(n−2h) = 40
  ligne 0 (u =   -9) : max 360 ; borne prédite 360 ; atteinte True ; respectée True
  ligne 1 (u =   -7) : max 280 ; borne prédite 280 ; atteinte True ; respectée True
  ligne 2 (u =   -5) : max 200 ; borne prédite 200 ; atteinte True ; respectée True
  ligne 3 (u =   -3) : max 120 ; borne prédite 120 ; atteinte True ; respectée True
  ligne 4 (u =   -1) : max 40 ; borne prédite 40 ; atteinte True ; respectée True
ordre 10 — bornes par ligne, h_r imposé à 3 ; (n/2)(n−2h) = 20
  ligne 0 (u =   -9) : max 180 ; borne prédite 180 ; atteinte True ; respectée True
  ligne 1 (u =   -7) : max 140 ; borne prédite 140 ; atteinte True ; respectée True
  ligne 2 (u =   -5) : max 100 ; borne prédite 100 ; atteinte True ; respectée True
  ligne 3 (u =   -3) : max 60 ; borne prédite 60 ; atteinte True ; respectée True
  ligne 4 (u =   -1) : max 20 ; borne prédite 20 ; atteinte True ; respectée True

$ python3 tools/ecarts.py --direction
ordre 8 — pas atteignables dans la direction [-2, -1, -1, 0] (complétée par antisymétrie)
  λ atteignables   : [28, 30, 32, 34]
  λ impossibles    : 81 valeurs
  aucun λ non tranché : la liste est exacte
  λ = 0 atteignable : False — c’est la question de la magicité
ordre 10 — pas atteignables dans la direction [-1, 0, 0, 0, 0] (complétée par antisymétrie)
  λ atteignables   : [0, 2, 4, 6, 8, 10, 12, 14, 16, 18, 20, 22, 24, 69, 71, 73, 75, 77, 79, 81, 83, 85, 87, 89, 91, 93, 95, 97, 99, 101, 103, 105, 107, 109, 111, 164, 166, 168, 170, 172, 174, 176, 178, 180, 182, 184, 186, 188, 190, 192, 194, 196, 261, 263, 265, 267, 269, 271, 273, 275, 277, 279, 360]
  λ impossibles    : 298 valeurs
  aucun λ non tranché : la liste est exacte
  λ = 0 atteignable : True — c’est la question de la magicité

