$ python3 tools/graine_sat.py --ordre 2 --limite 60
ordre 2 — recherche d’un étiquetage magique à quatre classes
  statut du solveur : INFEASIBLE

  AUCUN étiquetage magique à quatre classes à l’ordre 2.

$ python3 tools/graine_sat.py --ordre 4 --limite 60
ordre 4 — recherche d’un étiquetage magique à quatre classes
  statut du solveur : OPTIMAL

  GRAINE :
    V J J V
    B R R B
    B R R B
    V J J V

  contrôle indépendant : carré magique d’ordre 4, constante 34 : True
      4  14  15   1
      5  11  10   8
      9   7   6  12
     16   2   3  13

$ python3 tools/graine_sat.py --ordre 6 --limite 60
ordre 6 — recherche d’un étiquetage magique à quatre classes
  statut du solveur : OPTIMAL

  GRAINE :
    B B J J J B
    V J V R J V
    R J B B B R
    R V B B R R
    B J V R J B
    B B R R J B

  contrôle indépendant : carré magique d’ordre 6, constante 111 : True
      1   2  33  34  35   6
     12  26  10  27  29   7
     24  20  15  16  17  19
     18  23  21  22  14  13
     25   8  28   9  11  30
     31  32   4   3   5  36

$ python3 tools/graine_sat.py --ordre 10 --limite 600
ordre 10 — recherche d’un étiquetage magique à quatre classes
  statut du solveur : OPTIMAL

  GRAINE :
    B J R V R R V R B B
    J R J V J J V B V B
    V J B V J B J R V J
    R B R B J J J V B V
    R R J V R V V B R V
    R R J V R V V B R V
    R B R B J J J V B V
    B R V B J B R J B R
    J R J B R R B B V B
    B J R B R R B R B B

  contrôle indépendant : carré magique d’ordre 10, constante 505 : True
      1  92  98   7  96  95   4  93   9  10
     81  89  83  17  85  86  14  18  12  20
     30  72  23  27  75  26  77  73  22  80
     70  32  68  34  65  66  67  33  39  31
     60  59  53  47  56  45  44  48  52  41
     50  49  43  57  46  55  54  58  42  51
     40  62  38  64  35  36  37  63  69  61
     71  29  78  74  25  76  24  28  79  21
     11  19  13  84  16  15  87  88  82  90
     91   2   8  94   6   5  97   3  99 100

$ python3 tools/graine_sat.py --ordre 14 --limite 600
ordre 14 — recherche d’un étiquetage magique à quatre classes
  statut du solveur : OPTIMAL

  GRAINE :
    R J R R R R B R B V V B V V
    V J R B J V J B J V R B B R
    B J V B J J B R V V J J B J
    B V J V R R J V B R J V V J
    B R V V B R J J R J V R V B
    J V V R R B V R B R R V R B
    B R J J J B R R R B B V B R
    V J V J J V J J J B B J V J
    V V B R J B V R B J R B R R
    B R J B B R R R R J B B V B
    R B R B R J R B V R R B B V
    R J J B R R V J B B J V B V
    V J J V R B J B R B J V B R
    B R B R R J V J V V V R B J

  contrôle indépendant : carré magique d’ordre 14, constante 1379 : True
    196 184 194 193 192 191   7 189   9   5   4  12   2   1
     28 170 180  18 173  23 175  22 177  19 172  26  27 169
     29 156  40  32 159 160  35 161  34  33 165 166  41 168
     43  55 143  53 150 149 147  49  51 145 151  45  44 154
     57 139  68  67  61 135 133 134 132 136  60 129  58  70
    113  83  82 123 122  76  78 119  79 117 116  73 114  84
     85 111 101 102 103  90 106 105 104  94  95  87  97  99
    112  86 110  88  89 107  91  92  93 108 109  96 100  98
    126 125 115  81  75 118 120  77 121  80  74 124  72  71
    127  69  59 130 131  65  64  63  62  66 137 138 128 140
     56 142  54 144  52  48  50 148 146  47  46 152 153 141
     42  30  31 158  38  37 162  36 163 164  39 157 167 155
    182  16  17 179  24 174  21 176  20 178  25 171 181  15
    183  13 185  11  10   6 190   8 188 187 186   3 195  14

$ python3 tools/graine_sat.py --ordre 22 --limite 600
ordre 22 — recherche d’un étiquetage magique à quatre classes
  statut du solveur : OPTIMAL

  GRAINE :
    B V J J R V R J R J J V B B B V J V V B R J
    R J V B V R R R R R J V B R V V B V R R V B
    J V B J V V B J R R J V B B B R R R B R J B
    B V R R R B J V J J R V V V V B R V V R J J
    V R B J R V B V B B R R B B V J J R V R R J
    J B J R B R V R R R J V V V B J V R B V B J
    J V J V J V R J V V J B R R B R V B R B R B
    R V J J B V J R V J V V B R V B R J B J R V
    R R B V J V J V B V J V J J J B V V R R R B
    R B B B V V B R B J B R J R V R R R R R R V
    R B B B R V B J B J B B J R J R R R R R R B
    B V R R R V R R R R B B R B R B R R B B J R
    R R R R J J R R V R V J R J V B B B B B B V
    J J R V V B J B B B R B R J R B B J R B J V
    B J R J B J J R J J B B B B V B B J B R B J
    V J V J J B R J J V J B R B B R B B B R B R
    R B V B V B B J R R R B V V V R J J R J B R
    B J R R J B R B B V R R V B B V R J B B J R
    R B J R B V V B R R R V B B B R J J V J R V
    J B V J J V R J B J R B V R B B R B B J R B
    B V J R B B B R R J R B V R V J R B B B J R
    R V V V R J R J J J R B B V B V V V J R R V

  contrôle indépendant : carré magique d’ordre 22, constante 5335 : True
      1  21 465 466 480  17 478 470 476 472 473  11  13  14  15   7 479   5   4  20 464 484
    462 442  42  26  40 457 456 455 454 453 451  33  35 449  30  29  39  27 444 443  24  44
    419  65  47 422  62  61  51 426 432 431 429  55  57  58  59 425 424 423  63 421 439  66
     67  87 416 415 414  72 403  81 405 406 408  77  76  75  74  82 402  71  70 399 417 418
    110 395  91 378 392 105  95 103  97  98 386 385 101 102  96 390 391 379  92 377 376 396
    353 112 355 371 115 369 126 367 366 365 363 121 120 119 125 368 116 357 129 113 131 374
    331 153 333 151 335 149 346 338 146 145 341 144 340 339 147 337 138 150 334 152 332 154
    330 175 311 312 159 171 315 323 168 318 166 165 167 317 162 170 314 326 173 328 310 155
    308 307 179 195 291 193 293 191 185 189 297 187 299 300 301 192 182 181 290 289 288 198
    286 200 201 202 216 215 205 279 207 274 209 275 277 273 206 271 270 269 268 267 266 199
    264 222 223 224 260 237 227 250 229 252 231 232 255 251 257 249 248 247 246 245 244 242
    243 263 240 239 238 259 236 235 234 233 253 254 230 256 228 258 226 225 261 262 241 221
    220 219 218 217 203 204 214 213 278 211 276 210 208 212 272 280 281 282 283 284 285 265
    177 178 196 305 304 292 183 294 295 296 188 298 186 190 184 302 303 194 180 306 197 287
    309 156 174 158 313 160 161 169 163 164 319 320 321 322 316 324 325 172 327 157 329 176
    352 134 350 136 137 336 148 140 141 343 143 342 142 344 345 139 347 348 349 135 351 133
    132 354 372 356 370 358 359 118 124 123 122 364 362 361 360 117 127 128 114 130 373 111
    375  90 108 107  93 380 104 382 383 387 100  99 384 388 389 381  94 106 393 394 109  89
     88 398  69  85 401 413 412 404  80  79  78 407 409 410 411  73  83  84 400  86  68 397
     45 420 438  48  49 435  60  52 427  54  56 430 428  53 433 434  50 436 437  64  46 440
    441 461  25  41 445 446 447  37  36  32  34 452 450  31 448  38  28 458 459 460  43  23
     22 483 482 481  18   6  16   8   9  10  12 474 475 471 477 469 468 467  19   3   2 463

$ python3 tools/graine_sat.py --ordre 26 --limite 600
ordre 26 — recherche d’un étiquetage magique à quatre classes
  statut du solveur : OPTIMAL

  GRAINE :
    B V B V V V B R B J R R V V R R J R B R V J J B R R
    J V B R V V R V B B R V V J R R R R R V R J B R V B
    R R V B J B B R B B J B V J J J B R V R B J B J V R
    V V R R J V J V V B R R B R R R R R R B V V V V V J
    V J J V B R B R R R R R B J R V V V V J V B J V V J
    V B R R J V R R J J B J B J J J J V B V V B V B R V
    V B R J J R B J J R V V V R J V V J V J R V B V B J
    J J V B B J B B J R J J B R V J B V J J V B J J B B
    J R R B V V J J J R V V B R J R V B J V J V J B V V
    J R R B V J B B R V V J J V J R V B B J J J B V R V
    V B B V J V J R J V B V J J J J V V R V R J J B J V
    J R B V J B V V V V V J V R B J J J V J R V J R V J
    R J J J B J V J V R R B R R R R B J V R J R V V V V
    B R R V R J V R J B R R J J B R R V B R J B J B B J
    R R R J V V B B J B J V V R R V R V B R J J V B V R
    B R B B R J V R R V R B J J R V V B R J B R R B V B
    V J B V J R R V B V V R R B R R V R V V R V V J J J
    R B J R V B R J V R J B V J R B V R J B R V V V J B
    V J J R V V B R V B J V V J J J R J V J J V V V B R
    B B R V V J R R R B B J V R V B J R B V J J R V B R
    B V B B V B B B R J B R B J R J J B R J B R J R J B
    J R V B V B R B B B B J B J J J J J J V J V R J B V
    B V B B R V V J J R J J V J J J B B B R V B J J V R
    J B J V J B V B R B R B B R J R B B J J B J V V J J
    V B R J J J B J V R J V B R R J B J B J B V V B B R
    R J V J B V R J V J J J V V J J J J V B V R V V B B

  contrôle indépendant : carré magique d’ordre 26, constante 8801 : True
      1  25   3  23  22  21   7 669   9 660 666 665  14  13 662 661 667 659  19 657   6 672 673  24 652 651
    625  51  29 647  48  47 644  45  35  36 640  41  40 638 636 635 634 633 632  33 630 646  49 627  28  52
    624 623  76  56 603  58  59 617  61  62 609  64  66 612 613 614  69 607  60 605  73 620  75 622  54 599
    104 103 596 595 577  99 579  97  96  88 588 587  91 585 584 583 582 581 580  98  84  83  82  81  80 598
    130 548 549 127 109 567 111 565 564 563 562 561 117 560 558 115 114 113 112 566 110 126 569 107 106 572
    156 132 544 543 525 151 540 539 529 530 141 532 143 534 535 536 537 139 149 137 136 152 134 154 522 131
    182 158 518 498 499 515 163 502 503 511 172 171 170 507 509 167 166 512 164 514 500 161 179 159 181 520
    469 470 206 186 187 474 189 190 477 485 479 480 195 481 194 484 199 191 487 488 188 204 491 492 207 208
    443 467 466 212 230 229 449 450 451 459 224 223 221 455 457 453 218 226 461 215 463 213 465 232 210 209
    417 441 440 238 256 422 241 242 434 251 250 428 429 247 431 427 244 252 253 436 437 438 257 237 418 235
    286 262 263 283 395 281 397 409 399 277 271 275 403 404 405 406 270 269 398 267 396 412 413 284 415 261
    365 389 289 309 369 292 306 305 304 303 302 376 300 377 301 380 381 382 294 384 370 291 387 367 288 390
    364 340 341 342 317 344 332 346 330 355 354 324 352 351 350 349 329 356 320 345 359 343 316 315 314 313
    339 337 336 361 334 318 358 331 321 348 328 327 325 326 353 323 322 347 357 319 333 360 335 362 363 338
    312 311 310 290 386 385 371 372 295 374 297 379 378 299 298 375 296 373 383 293 307 308 368 388 366 287
    391 285 393 394 282 266 410 279 278 407 276 402 273 274 272 401 400 408 268 280 411 265 264 414 392 416
    442 236 419 439 239 255 254 435 425 433 432 249 248 430 246 245 426 243 424 423 240 421 420 258 259 260
    234 444 211 231 464 448 228 216 460 225 219 454 456 222 220 458 452 217 227 462 214 447 446 445 233 468
    494 184 185 205 490 489 475 201 486 478 193 483 482 196 197 198 192 200 476 202 203 473 472 471 493 183
    495 496 180 517 516 162 176 175 174 504 505 168 508 169 506 510 173 165 513 501 177 178 160 497 519 157
    521 545 523 524 542 526 527 528 148 140 531 145 533 144 142 146 147 538 138 150 541 135 153 133 155 546
    105 129 570 550 568 552 124 554 555 556 557 116 559 118 119 120 121 122 123 553 125 551 108 128 571 547
    573 597 575 576 100 593 592  86  87  95  89  90 586  92  93  94 589 590 591  85 578 594 101 102 574  79
     53 600  55 621  57 604 618 606  70 608  68 610 611  65  67  63 615 616  71  72 619  74 602 601  77  78
    650 626  50  30  31  32 631  34 642  43  37 639 637  39  38  42 641  44 643  46 645 629 628 648 649  27
     26   2 674   4 655 671  20   8 668  10  11  12 664 663  15  16  17  18 658 670 656   5 654 653 675 676

$ python3 tools/graine_sat.py --ordre 34 --limite 600
ordre 34 — recherche d’un étiquetage magique à quatre classes
  statut du solveur : OPTIMAL

  GRAINE :
    B B B R J R B B V J J R V V R R J V R B V J V V B V J R B J B R J J
    B V R B J V J B R V J J V V R V B J V R V R B J R B R B R J R B V J
    R V R J B J B V B R R B V J J R J V R J V V J V V J V B V B J R J V
    B B B V B R J B J J V V V B V B R R J R J R J V V J R J B B R B J J
    R R B V J B V R B R B V R J V R R V B R V R V R B J B R R V J R V B
    V R B J V B R V J B J R J R V R V R B V R V V J R J R B B J V R B V
    V J J V R R J R V V J J V V B V J V J B R R B V R J V B R B R B V R
    R J J R V R B J J R J V R V R V R B V B V B V V B V J R R J B J V V
    B R V R V B B V V R V J R R B R B R R J R V J J B V R R B V B V R R
    R V B V B B B R V V B B B R J B R R R J B J B J J V R R B R J J R V
    B B J J R R R R V R R R R B J B J J B B J B V V B V B R B B V B R R
    J J B B V J B V B J R V J V V V J J R J J J J V J B V J V V B J J B
    B V V B B B V J R J V V R R V J R B J J V V R R J R B J R B B J V R
    V R J V B J R B R R V B J J J J V R V B B V R V V B J R B R J V V J
    B R J B V B R R V V B B V R V B B R J V B V R J R J B V R J J J R R
    B B J R R R V V J J R B R J V V V V J J B V R B J J R R B V B V R B
    R V B R V J B V J J B R R R B B J V J B R R V J B V J B V J B R V B
    J V V B B R V B V V R B J R V B V J J V R J J V R J R V B R R J V V
    V R R J R B J J J R B V B J J J V V V V B J J R R J B B R V V B B V
    V J R R B V R B J V B V B B V B R B J V R B J J R V R V J R V R J J
    B B V J V J J R B B B R V J V V J B J R B J B B J R V J B J V J J R
    V B B V B V B V J R J V B R B J J V J R V J R B R J R R J B V R B J
    J J R V V V R B V J B J J B B V R R R R R J V J J V B V J V V V J B
    R V J V B B J J V B B B B R V V J J V R V R J J R V V J R R J B J B
    B J R B R V V J B J B B B J J V J J J J V J B J V B J J V B R V B J
    V R B B V V R V B J J J B J R J V J J V J J J V V B R B V V R B R J
    R V R J J R R R V B R B B B B B B R B R B R B B R J R B R V V R J V
    V R V V B J V B J J R J V J V B V J R V B R B B B V J R J R R R B R
    V J V R B V B J R V R R V R V B J B R V R J V R J R B R V R B J V V
    J B V J R R J B B J V V J R J J B J V B B J V J V J R B B B V J J V
    B B V J V J J R J V V J J B J R J J V B J B V V J J B J V V B V J J
    B B R J B V V B B R R B V V J J R B J J J V J V V J B V J B J R R J
    R B B V J J V V J J R V J B J V R V V J B B R R B V J R B J J R B V
    B R R B R J V B V J R R J B B R R B R R B V V B B V J J V R R B V J

  contrôle indépendant : carré magique d’ordre 34, constante 19669 : True
      1   2   3 1153 1127 1151   7   8  26 1132 1133 1145  22  21 1142 1141 1139  17 1138  20  14 1144  12  11  25   9 1149 1129  29 1152  31 1125 1155 1156
     35  67 1120  38 1093  63 1095  42 1114  59 1099 1100  56  55 1108  53  51 1106  50 1103  48 1101  57 1112 1098  60 1096  62 1094 1118 1092  66  36 1122
    1088 101 1086 1058  73 1060  75  95  77 1079 1078  80  90 1068 1069 1073 1071  85 1070 1074  82  81 1077  79  78 1080  76  96  74  98 1085 1057 1087  69
    103 104 105 133 107 1049 1027 110 1029 1030 126 125 124 116 122 118 1038 1037 1039 1035 1041 1033 1043 113 112 1046 1028 1048 131 132 1024 134 1053 1054
    1020 1019 139 167 991 142 164 1013 145 1011 147 159 1008 1000 156 1005 1004 153 155 1001 150 999 148 997 161 1012 163 993 992 141 1017 989 138 170
    204 985 173 956 200 176 980 197 961 180 963 975 965 973 190 971 188 969 189 185 966 183 182 976 962 978 960 198 199 982 174 955 203 171
    238 920 921 235 948 947 925 945 230 229 929 930 226 225 219 223 935 221 937 224 932 931 227 215 928 944 212 232 924 234 922 236 206 919
    918 886 887 915 268 913 245 892 893 909 895 261 906 259 904 257 902 256 254 258 252 260 250 249 263 247 911 891 890 914 269 916 240 239
    273 883 304 881 302 278 279 299 298 875 296 862 872 871 287 869 289 867 866 870 864 285 873 874 297 281 858 857 301 277 303 275 852 851
    850 339 309 337 311 312 313 843 332 331 317 318 319 837 831 322 834 833 832 836 327 838 329 840 841 315 824 823 335 821 847 848 818 307
    341 342 785 786 812 811 810 809 366 807 806 805 804 354 797 356 799 800 359 360 803 362 352 351 365 349 367 789 369 370 344 372 784 783
    749 750 377 378 404 754 381 401 383 758 772 397 761 395 394 393 765 766 764 768 769 770 771 385 773 400 382 776 380 379 405 780 781 408
    409 441 440 412 413 414 436 722 740 724 432 431 736 735 428 730 732 426 733 734 422 421 726 725 739 723 435 742 720 438 439 746 410 715
    476 713 683 473 447 686 708 450 706 705 466 454 693 694 695 696 460 697 458 462 463 455 692 453 452 468 707 687 471 685 711 445 444 714
    477 679 649 480 506 482 674 673 502 501 487 488 498 667 496 492 493 663 665 491 497 489 658 670 656 672 503 483 652 676 677 678 648 647
    511 512 615 643 642 641 538 537 621 622 636 522 634 626 530 529 528 527 631 632 531 523 624 534 637 638 620 619 539 515 541 513 614 544
    612 577 547 609 574 584 551 571 587 588 555 601 600 599 559 560 595 561 597 564 592 591 556 602 569 553 605 572 550 608 575 581 546 578
    545 611 610 582 583 573 606 586 604 603 568 590 557 565 598 594 596 562 563 593 558 566 567 589 554 570 552 585 607 549 548 576 580 579
    646 543 542 514 540 618 517 518 519 535 623 635 625 524 525 526 630 629 628 627 633 532 533 521 520 536 639 640 516 617 616 644 645 613
    680 478 508 507 651 675 504 654 485 671 657 669 659 660 666 662 494 664 495 661 490 668 499 500 486 655 484 653 505 481 650 479 509 510
    681 682 712 446 710 448 449 469 689 690 691 465 702 456 700 699 459 698 461 457 701 464 703 704 467 451 688 470 709 472 684 474 475 443
    748 716 717 745 719 743 721 741 417 433 419 737 727 429 729 424 425 731 427 423 728 430 420 738 418 434 416 415 437 744 718 411 747 442
    375 376 406 779 778 777 402 756 774 384 759 386 387 762 763 767 392 391 390 389 388 396 760 398 399 757 775 755 403 753 752 751 407 782
    374 815 343 813 787 788 347 348 808 792 793 794 795 361 802 801 357 358 798 355 796 353 363 364 350 791 790 368 346 345 371 814 373 816
    817 308 338 820 336 845 844 314 825 316 827 828 829 320 321 835 323 324 325 326 830 328 839 330 826 842 333 334 822 846 310 819 849 340
    884 305 853 854 880 879 300 877 859 282 283 284 863 286 292 288 868 290 291 865 293 294 295 861 860 876 280 878 856 855 276 882 274 306
    272 917 270 242 243 267 266 265 910 894 262 896 897 898 899 900 901 255 903 253 905 251 907 908 248 264 246 912 244 889 888 241 271 885
    952 237 950 949 923 210 946 926 213 214 228 216 940 218 938 934 936 222 220 933 939 217 941 942 943 927 231 211 233 209 208 207 951 205
    986 172 984 201 957 981 959 178 196 977 194 193 974 191 972 968 187 970 186 967 184 192 964 181 195 179 979 177 958 175 983 202 954 953
    137 988 1018 140 166 165 143 994 995 146 1010 1009 149 157 151 152 1003 154 1002 1006 1007 158 998 160 996 162 144 1014 1015 1016 990 168 169 987
    1021 1022 1052 106 1050 108 109 129 111 1045 1044 114 115 1034 117 121 119 120 1036 1040 123 1042 1032 1031 127 128 1047 130 1026 1025 1051 1023 135 136
    1055 1056 100  72 1059 1083 1082 1062 1063  93  92 1066 1076 1075  83  84  86 1072  87  88  89 1067  91 1065 1064  94 1081 1061  97 1084  99  71  70 102
     68 1090 1091 1119  39  40 1116 1115  43  44  58 1111  47 1102  49 1107  52 1105 1104  54 1109 1110  46  45 1113 1097  61  41 1117  64  65  37 1121 1089
    1123  33  32 1126  30   6 1150 1130 1148  10  24  23  13 1136 1137  19  18 1140  16  15 1143 1135 1134 1146 1147 1131  27  28 1128   5   4 1154 1124  34

