  N  niveaux  termine  prof  fixes
  4        3     True     2  [0.0]
  6        4     True     1  [0.0, 120.0]
  8        5     True     3  [0.0]
 10        6    False     1  [0.0]
 12        7     True     2  [0.0, 120.0]
 14        8    False     1  [0.0]
 16        9     True     4  [0.0]
 18       10    False     1  [0.0, 120.0]
 20       11    False     2  [0.0]
 22       12    False     1  [0.0]
 24       13     True     3  [0.0, 120.0]
 26       14    False     1  [0.0]
 28       15    False     2  [0.0]
 30       16    False     1  [0.0, 120.0]
 32       17     True     5  [0.0]
 34       18    False     1  [0.0]
 36       19    False     2  [0.0, 120.0]
 38       20    False     1  [0.0]
 40       21    False     3  [0.0]
 42       22    False     1  [0.0, 120.0]
 44       23    False     2  [0.0]
 46       24    False     1  [0.0]
 48       25     True     4  [0.0, 120.0]
